{
  "version": "1.5.0",
  "plugins_used": [
    {
      "name": "ArtifactoryDetector"
    },
    {
      "name": "AWSKeyDetector"
    },
    {
      "name": "AzureStorageKeyDetector"
    },
    {
      "name": "Base64HighEntropyString",
      "limit": 4.5
    },
    {
      "name": "BasicAuthDetector"
    },
    {
      "name": "CloudantDetector"
    },
    {
      "name": "DiscordBotTokenDetector"
    },
    {
      "name": "GitHubTokenDetector"
    },
    {
      "name": "GitLabTokenDetector"
    },
    {
      "name": "HexHighEntropyString",
      "limit": 3.0
    },
    {
      "name": "IbmCloudIamDetector"
    },
    {
      "name": "IbmCosHmacDetector"
    },
    {
      "name": "IPPublicDetector"
    },
    {
      "name": "JwtTokenDetector"
    },
    {
      "name": "KeywordDetector",
      "keyword_exclude": ""
    },
    {
      "name": "MailchimpDetector"
    },
    {
      "name": "NpmDetector"
    },
    {
      "name": "OpenAIDetector"
    },
    {
      "name": "PrivateKeyDetector"
    },
    {
      "name": "PypiTokenDetector"
    },
    {
      "name": "SendGridDetector"
    },
    {
      "name": "SlackDetector"
    },
    {
      "name": "SoftlayerDetector"
    },
    {
      "name": "SquareOAuthDetector"
    },
    {
      "name": "StripeDetector"
    },
    {
      "name": "TelegramBotTokenDetector"
    },
    {
      "name": "TwilioKeyDetector"
    }
  ],
  "filters_used": [
    {
      "path": "detect_secrets.filters.allowlist.is_line_allowlisted"
    },
    {
      "path": "detect_secrets.filters.common.is_baseline_file",
      "filename": ".secrets.baseline"
    },
    {
      "path": "detect_secrets.filters.common.is_ignored_due_to_verification_policies",
      "min_level": 2
    },
    {
      "path": "detect_secrets.filters.heuristic.is_indirect_reference"
    },
    {
      "path": "detect_secrets.filters.heuristic.is_likely_id_string"
    },
    {
      "path": "detect_secrets.filters.heuristic.is_lock_file"
    },
    {
      "path": "detect_secrets.filters.heuristic.is_not_alphanumeric_string"
    },
    {
      "path": "detect_secrets.filters.heuristic.is_potential_uuid"
    },
    {
      "path": "detect_secrets.filters.heuristic.is_prefixed_with_dollar_sign"
    },
    {
      "path": "detect_secrets.filters.heuristic.is_sequential_string"
    },
    {
      "path": "detect_secrets.filters.heuristic.is_swagger_file"
    },
    {
      "path": "detect_secrets.filters.heuristic.is_templated_secret"
    },
    {
      "path": "detect_secrets.filters.regex.should_exclude_file",
      "pattern": [
        ".*lock\\.json$"
      ]
    }
  ],
  "results": {
    "atuin/config.toml": [
      {
        "type": "Secret Keyword",
        "filename": "atuin/config.toml",
        "hashed_secret": "5ffe533b830f08a0326348a9160afafc8ada44db",
        "is_verified": false,
        "line_number": 122
      }
    ],
    "fish/fishd.tmp.kg9DMi": [
      {
        "type": "Base64 High Entropy String",
        "filename": "fish/fishd.tmp.kg9DMi",
        "hashed_secret": "3109fd8a0991c02bbefe85c170f3371e5da51614",
        "is_verified": false,
        "line_number": 21
      },
      {
        "type": "Base64 High Entropy String",
        "filename": "fish/fishd.tmp.kg9DMi",
        "hashed_secret": "bf44f9760bbcea9bc790abd67bacd0e4468f7b2d",
        "is_verified": false,
        "line_number": 183
      }
    ],
    "mpv/script-opts/llm_subtrans.conf": [
      {
        "type": "Secret Keyword",
        "filename": "mpv/script-opts/llm_subtrans.conf",
        "hashed_secret": "88e394fbf2fd19e1519e54f6db85b91d105b381d",
        "is_verified": false,
        "line_number": 9
      }
    ],
    "mpv/scripts/mpv-llm-subtrans/README.md": [
      {
        "type": "Secret Keyword",
        "filename": "mpv/scripts/mpv-llm-subtrans/README.md",
        "hashed_secret": "9e389c91dcdcf9ce6ec6ed80cc3d9c2edad552b8",
        "is_verified": false,
        "line_number": 47
      }
    ],
    "mpv/scripts/uosc/main.lua": [
      {
        "type": "Secret Keyword",
        "filename": "mpv/scripts/uosc/main.lua",
        "hashed_secret": "72ed60ff8c2caece83d883194fe8baa423f21206",
        "is_verified": false,
        "line_number": 170
      }
    ],
    "nvim/lua/plugins/code-companion.lua": [
      {
        "type": "Secret Keyword",
        "filename": "nvim/lua/plugins/code-companion.lua",
        "hashed_secret": "fbc8cff8359639c2cc4b0c135565e801ab38358f",
        "is_verified": false,
        "line_number": 55
      },
      {
        "type": "Secret Keyword",
        "filename": "nvim/lua/plugins/code-companion.lua",
        "hashed_secret": "96133e4265d7a277409c8094e5eff6a41934cf07",
        "is_verified": false,
        "line_number": 77
      }
    ],
    "yazi-presenterm/package.toml": [
      {
        "type": "Hex High Entropy String",
        "filename": "yazi-presenterm/package.toml",
        "hashed_secret": "db1d555ac9fd0cdf62878c48fc6497b117033564",
        "is_verified": false,
        "line_number": 4
      },
      {
        "type": "Hex High Entropy String",
        "filename": "yazi-presenterm/package.toml",
        "hashed_secret": "c85754a03a142b2c46709e4a124e48be58644e98",
        "is_verified": false,
        "line_number": 9
      },
      {
        "type": "Hex High Entropy String",
        "filename": "yazi-presenterm/package.toml",
        "hashed_secret": "e02312d69ab873a4ced974fe97e6c1810392b735",
        "is_verified": false,
        "line_number": 14
      },
      {
        "type": "Hex High Entropy String",
        "filename": "yazi-presenterm/package.toml",
        "hashed_secret": "fa5775b0575ae8ce7c34214cbd9456512284363b",
        "is_verified": false,
        "line_number": 19
      },
      {
        "type": "Hex High Entropy String",
        "filename": "yazi-presenterm/package.toml",
        "hashed_secret": "5ede8a2e7fc782543dd1075c8dc91d9e8f3076c9",
        "is_verified": false,
        "line_number": 24
      },
      {
        "type": "Hex High Entropy String",
        "filename": "yazi-presenterm/package.toml",
        "hashed_secret": "6af8f6a76796e60ee303f4998de539afc241ad1b",
        "is_verified": false,
        "line_number": 29
      },
      {
        "type": "Hex High Entropy String",
        "filename": "yazi-presenterm/package.toml",
        "hashed_secret": "2b1fa8bcb117b433975a93ec1eed9e941dd6c8ae",
        "is_verified": false,
        "line_number": 34
      },
      {
        "type": "Hex High Entropy String",
        "filename": "yazi-presenterm/package.toml",
        "hashed_secret": "f4ccafde456f8a3499d462ae3559d88ffd7d3f56",
        "is_verified": false,
        "line_number": 39
      },
      {
        "type": "Hex High Entropy String",
        "filename": "yazi-presenterm/package.toml",
        "hashed_secret": "4327519eac43d52296a57db850ef966030d08f78",
        "is_verified": false,
        "line_number": 44
      }
    ],
    "yazi/package.toml": [
      {
        "type": "Hex High Entropy String",
        "filename": "yazi/package.toml",
        "hashed_secret": "c5935fa58678837c620d0111e086a0e926974a1d",
        "is_verified": false,
        "line_number": 4
      },
      {
        "type": "Hex High Entropy String",
        "filename": "yazi/package.toml",
        "hashed_secret": "d5a38f97de10355b7a873b2ed8b9129256e84a83",
        "is_verified": false,
        "line_number": 9
      },
      {
        "type": "Hex High Entropy String",
        "filename": "yazi/package.toml",
        "hashed_secret": "a533c767c67502eb3ffb471be08b891fb9eb3c14",
        "is_verified": false,
        "line_number": 14
      },
      {
        "type": "Hex High Entropy String",
        "filename": "yazi/package.toml",
        "hashed_secret": "b0b830890cb0ef18f01e17b67069ff1ff7dacfd3",
        "is_verified": false,
        "line_number": 19
      },
      {
        "type": "Hex High Entropy String",
        "filename": "yazi/package.toml",
        "hashed_secret": "8797afdad02c60abdb56206199d99fda89a30ff0",
        "is_verified": false,
        "line_number": 24
      },
      {
        "type": "Hex High Entropy String",
        "filename": "yazi/package.toml",
        "hashed_secret": "e73e9ce9b51b1af0b794792b732d1d006d12a6b5",
        "is_verified": false,
        "line_number": 29
      },
      {
        "type": "Hex High Entropy String",
        "filename": "yazi/package.toml",
        "hashed_secret": "7009c15d004441aa3f1c130bfa514a85e71442f7",
        "is_verified": false,
        "line_number": 34
      },
      {
        "type": "Hex High Entropy String",
        "filename": "yazi/package.toml",
        "hashed_secret": "dfe6a457baa1340d549e9502360578cd2c673f53",
        "is_verified": false,
        "line_number": 39
      },
      {
        "type": "Hex High Entropy String",
        "filename": "yazi/package.toml",
        "hashed_secret": "f82e726ecee2d5c61f05df309afe12ecc6fd00d4",
        "is_verified": false,
        "line_number": 44
      },
      {
        "type": "Hex High Entropy String",
        "filename": "yazi/package.toml",
        "hashed_secret": "fc883d1fd376d20922b623903293be74fa83e97f",
        "is_verified": false,
        "line_number": 49
      },
      {
        "type": "Hex High Entropy String",
        "filename": "yazi/package.toml",
        "hashed_secret": "8df49350daac5911919f68232e08c535a532f779",
        "is_verified": false,
        "line_number": 54
      }
    ]
  },
  "generated_at": "2025-09-02T18:59:40Z"
}
